/Users/rath/Library/Python/3.9/lib/python/site-packages/urllib3/__init__.py:35: NotOpenSSLWarning: urllib3 v2 only supports OpenSSL 1.1.1+, currently the 'ssl' module is compiled with 'LibreSSL 2.8.3'. See: https://github.com/urllib3/urllib3/issues/3020
  warnings.warn(
`torch_dtype` is deprecated! Use `dtype` instead!
0 0.7 s
500 262.7 s
1000 412.8 s
1500 557.3 s
2000 817.2 s
2500 1096.8 s
3000 1450.2 s
3500 1808.9 s
4000 2166.8 s
4500 2524.2 s
5000 2882.4 s
5500 3240.2 s
6000 3598.8 s
6500 3956.7 s
7000 4315.0 s
7500 4673.2 s
8000 5031.7 s
8500 5385.7 s
9000 5485.6 s
9500 5578.6 s
10000 5673.0 s
10500 5768.9 s
11000 6073.3 s
11500 6375.5 s
12000 6682.9 s
12500 6988.0 s
13000 7294.1 s
13500 7601.0 s
14000 7908.3 s
14500 8210.0 s
15000 8513.7 s
15500 8822.2 s
16000 9125.3 s
16500 9426.8 s
17000 9654.6 s
17500 9853.8 s
18000 10043.6 s
18500 10214.3 s
19000 10401.9 s
19500 10605.0 s
20000 10822.8 s
20500 11009.9 s
21000 11203.3 s
21500 11409.0 s
22000 11640.2 s
22500 11837.7 s
23000 11986.8 s
23500 12140.4 s
24000 12320.7 s
24500 12493.6 s
25000 12685.0 s
25500 12898.0 s
26000 13152.8 s
26500 13402.9 s
27000 13595.8 s
27500 13794.2 s
28000 14015.0 s
28500 14145.1 s
29000 14242.2 s
DONE 29193 3846 14280.4 s
